I'm sorry, but errors were detected in your script. Please correct the
errors listed below, and try again.


File "game/script.rpy", line 31: Line is indented, but the preceding show statement statement does not expect a block. Please check this line's indentation.
    xzoom 0.25 yzoom 0.25
    ^

Ren'Py Version: Ren'Py 7.4.6.1655
Tue Jun  1 04:04:34 2021
